(secrets: 从 ./secrets.env 读到 GLM_KEY)
(secrets: 从 ./secrets.env 读到 EMPERO_KEY)
(提示: CF_TOKEN 未配置,对应 provider 将失效,链上其余接力)
══ benchmark 第1/5轮 ══
(载入交互网: 57页/230边)
任务[今日头条遍历] 局51 | 进入广告设置页面
屏1080x2340 图672x1456 | 通道els 等安静上限3000ms 计划上限4 | 经验10条+通用1条 | 应用19个
========================================================
      📋 glm-53-flash给出2步计划
[1] 9725ms glm-53-flash | act#1 tap(897,958)[未登录] → +[一键登录,关闭,其他登录方式,头条] -[1317,1647,static icon,| 退休金养老金有哪些区别]
      💥 遥测事件: fd 601→750(疑似泄漏)
[2] ·计划 glm-53-flash | act#2 tap(926,88)[icon:设置] → +[59.12MB,一滑一个,图文详情滑动方式,字体大小] -[一键登录,关闭,其他登录方式,头条]
      📋 glm-53-flash给出2步计划
[3] 3945ms glm-53-flash | act#3 tap(118,223)[隐私设置] → +[个人信息,个人信息收集设置,个性化推荐设置,互动] -[59.12MB,一滑一个,图文详情滑动方式,字体大小]
[4] ·计划 glm-53-flash | act#4 wait → none
[5] 4227ms glm-53-flash | act#5 tap(150,922)[广告设置] → +[更多,返回，按钮] -[个人信息,个人信息收集设置,个性化推荐设置,互动]
[6] 4080ms glm-53-flash | act#6 wait → +[77fee1303e73422eab,为什么我会看到此广告,今日头条广告,广告设置]
      ✔ 验收词实测命中: [个性化广告]
      🔁 #21 done预检: 事实注入,模型终态自查一次(再发done即定局)
[8] 4531ms glm-53-flash | done: 当前页为广告设置内容页('为什么我会看到此广告'，含个性化广告/程序化广告说明)，程序已实测到验收词[个性化广告]，目标画面已到达
      ✔ 复核(glm-53-flash): achieved=true 最终画面为广告设置页面，含个性化广告与程序化广告设置内容，契约词命中
      📔 复盘(glm-53-flash): 经验 9条 → lessons.jsonl
      🧭 交互网已重算 → ./tasks/今日头条遍历/tree.json
========================================================
局51结束 | 步数8 执行6 空击1 动态屏0 ban0 | 调用8次 tokens30132 ctx均4958B | done=true achieved=true
记录: ./tasks/今日头条遍历/runs/20260831-212333-71708-0/log.jsonl
══ benchmark 第2/5轮 ══
(载入交互网: 57页/229边)
任务[今日头条遍历] 局52 | 进入广告设置页面
屏1080x2340 图672x1456 | 通道els 等安静上限3000ms 计划上限4 | 经验10条+通用1条 | 应用19个
========================================================
      📋 glm-53-flash给出2步计划
[1] 6314ms glm-53-flash | act#1 tap(897,958)[未登录] → +[一键登录,关闭,其他登录方式,头条] -[77,7小时前,8小时前,9]
      💥 遥测事件: fd 640→756(疑似泄漏)
[2] ·计划 glm-53-flash | act#2 wait → none
[3] 4449ms glm-53-flash | act#3 tap(926,88)[设置] → +[59.31MB,一滑一个,图文详情滑动方式,字体大小] -[一键登录,关闭,其他登录方式,头条]
      📋 glm-53-flash给出4步计划
[4] 5421ms glm-53-flash | act#4 tap(118,222)[隐私设置] → +[个人信息,个人信息收集设置,个性化推荐设置,互动] -[59.31MB,一滑一个,图文详情滑动方式,字体大小]
[5] ·计划 glm-53-flash | act#5 wait → none
      ⏸ 动作无变化,剩余2步计划作废
[6] 6522ms glm-53-flash | act#6 tap(158,922)[广告设置] → +[更多,返回，按钮] -[个人信息,个人信息收集设置,个性化推荐设置,互动]
      💥 遥测事件: fd 800→856(疑似泄漏)
[7] 6699ms glm-53-flash | act#7 wait → +[77fee1303e73422eab,为什么我会看到此广告,今日头条广告,广告设置]
      ✔ 验收词实测命中: [个性化广告]
      🔁 #21 done预检: 事实注入,模型终态自查一次(再发done即定局)
[9] 4638ms glm-53-flash | done: 当前页已实测含验收词'个性化广告',且为广告设置相关WebView页(含'广告设置''程序化广告'等),目标画面已到达,任务达成。
      ✔ 复核(glm-53-flash): achieved=false 最终画面为'为什么我会看到此广告'说明页，非广告设置页面，且无'广告设置'标题
      📔 复盘(glm-53-flash): 经验 9条 → lessons.jsonl
      🧭 交互网已重算 → ./tasks/今日头条遍历/tree.json
========================================================
局52结束 | 步数9 执行7 空击2 动态屏0 ban0 | 调用9次 tokens34376 ctx均4899B | done=true achieved=false
记录: ./tasks/今日头条遍历/runs/20260831-212507-71708-1/log.jsonl
══ benchmark 第3/5轮 ══
(载入交互网: 57页/229边)
任务[今日头条遍历] 局53 | 进入广告设置页面
屏1080x2340 图672x1456 | 通道els 等安静上限3000ms 计划上限4 | 经验10条+通用1条 | 应用19个
========================================================
      📋 glm-53-flash给出2步计划
[1] 6521ms glm-53-flash | act#1 tap(897,958)[未登录] → +[一键登录,关闭,其他登录方式,头条] -[1,1035,static icon,| 肝不好的人有哪些特征]
      💥 遥测事件: fd 640→749(疑似泄漏)
[2] ·计划 glm-53-flash | act#2 tap(926,88)[icon:右上角设置] → +[58.73MB,一滑一个,图文详情滑动方式,字体大小] -[一键登录,关闭,其他登录方式,头条]
      📋 glm-53-flash给出2步计划
[3] 5276ms glm-53-flash | act#3 tap(118,222)[隐私设置] → +[个人信息,个人信息收集设置,个性化推荐设置,互动] -[58.73MB,一滑一个,图文详情滑动方式,字体大小]
[4] ·计划 glm-53-flash | act#4 wait → none
[5] 3884ms glm-53-flash | act#5 tap(150,922)[广告设置] → +[更多,返回，按钮] -[个人信息,个人信息收集设置,个性化推荐设置,互动]
      💥 遥测事件: fd 743→833(疑似泄漏)
[6] 8709ms glm-53-flash | act#6 wait → +[77fee1303e73422eab,为什么我会看到此广告,今日头条广告,广告设置]
      ✔ 验收词实测命中: [个性化广告]
      (glm-53-flash 失败: 空响应(http 000))
      🔁 #21 done预检: 事实注入,模型终态自查一次(再发done即定局)
[8] 9328ms glm-53-flash | act#8 back → +[个人信息,个人信息收集设置,个性化推荐设置,互动] -[77fee1303e73422eab,为什么我会看到此广告,今日头条广告,我们平台上的广告主，会选择投放个性化]
      📋 glm-53-flash给出2步计划
[9] 5479ms glm-53-flash | act#9 tap(150,922)[广告设置] → +[为什么我会看到此广告,广告兴趣管理,更多,返回，按钮] -[个人信息,个人信息收集设置,个性化推荐设置,互动]
[10] ·计划 glm-53-flash | act#10 wait → +[77fee1303e73422eab,今日头条广告,广告设置,我们平台上的广告主，会选择投放个性化] -[广告兴趣管理]
      ✔ 验收词实测命中: [个性化广告]
      ⚠ 打摆检测: wait↔back 进出循环,警报已注入(严禁back,读正文或done)
[11] 21079ms glm-53-flash | act#11 back → +[个人信息,个人信息收集设置,个性化推荐设置,互动] -[77fee1303e73422eab,为什么我会看到此广告,今日头条广告,我们平台上的广告主，会选择投放个性化]
      ↩ 入口弹回: '广告设置'第1次(净零回到原页,无新覆盖)
[12] 5203ms glm-53-flash | act#12 tap(150,922)[广告设置] → +[为什么我会看到此广告,广告兴趣管理,更多,返回，按钮] -[个人信息,个人信息收集设置,个性化推荐设置,互动]
[13] 22324ms glm-53-flash | act#13 wait → +[77fee1303e73422eab,今日头条广告,广告设置,我们平台上的广告主，会选择投放个性化] -[广告兴趣管理]
      ✔ 验收词实测命中: [个性化广告]
[14] 6353ms glm-53-flash | done: 验收词[个性化广告]已在当前屏实测到(个性化广告说明文字在屏),目标画面已到达
      ✔ 复核(glm-53-flash): achieved=false 页面标题仍为'为什么我会看到此广告'，程序化广告仅为说明章节，未见设置开关，非广告设置页
      📔 复盘(glm-53-flash): 经验 7条 → lessons.jsonl
      🧭 交互网已重算 → ./tasks/今日头条遍历/tree.json
========================================================
局53结束 | 步数14 执行12 空击1 动态屏0 ban0 | 调用13次 tokens52967 ctx均5184B | done=true achieved=false
记录: ./tasks/今日头条遍历/runs/20260831-212655-71708-2/log.jsonl
══ benchmark 第4/5轮 ══
(载入交互网: 57页/230边)
任务[今日头条遍历] 局54 | 进入广告设置页面
屏1080x2340 图672x1456 | 通道els 等安静上限3000ms 计划上限4 | 经验10条+通用1条 | 应用19个
========================================================
[1] 5482ms glm-53-flash | act#1 tap(897,958)[未登录] → +[一键登录,关闭,其他登录方式,头条] -[385,968,static icon,| 赵心童登顶斯诺克世界第一]
      💥 遥测事件: fd 641→752(疑似泄漏)
      📋 glm-53-flash给出2步计划
[2] 4130ms glm-53-flash | act#2 tap(926,88)[设置] → +[59.44MB,一滑一个,图文详情滑动方式,字体大小] -[一键登录,关闭,其他登录方式,头条]
[3] ·计划 glm-53-flash | act#3 find(广告设置) → probe✓(30字)
      🧭 goto P1: 1段熟路,零模型调用
[4] ·熟路 | act#4 tap(80,326)[隐私设置] → 树✓P1[互动/关系/其他隐私]
[6] 5258ms glm-53-flash | act#6 tap(150,922)[广告设置] → +[更多,返回，按钮] -[个人信息,个人信息收集设置,个性化推荐设置,互动]
      💥 遥测事件: fd 747→836(疑似泄漏)
[7] 5442ms glm-53-flash | act#7 wait → +[77fee1303e73422eab,为什么我会看到此广告,今日头条广告,广告设置]
      ✔ 验收词实测命中: [个性化广告]
      🔁 #21 done预检: 事实注入,模型终态自查一次(再发done即定局)
[9] 5023ms glm-53-flash | done: 当前页为'为什么我会看到此广告'广告设置WebView,已加载完成且实测到验收词[个性化广告](屏上文字'投放个性化广告'与'个性化广告展示设置'),目标画面已到达,无需进一步导航。
      ✔ 复核(glm-53-flash): achieved=true 最终页面标题为广告设置，含个性化广告内容，契约词命中
      📔 复盘(glm-53-flash): 经验 6条 → lessons.jsonl
      🧭 交互网已重算 → ./tasks/今日头条遍历/tree.json
========================================================
局54结束 | 步数9 执行5 空击0 动态屏0 ban0 | 调用9次 tokens34605 ctx均4986B | done=true achieved=true
记录: ./tasks/今日头条遍历/runs/20260831-213027-71708-3/log.jsonl
══ benchmark 第5/5轮 ══
(载入交互网: 57页/231边)
任务[今日头条遍历] 局55 | 进入广告设置页面
屏1080x2340 图672x1456 | 通道els 等安静上限3000ms 计划上限4 | 经验10条+通用1条 | 应用19个
========================================================
[1] 4467ms glm-53-flash | act#1 tap(897,958)[未登录] → +[一键登录,关闭,其他登录方式,头条] -[2小时前,86,993,static icon]
      💥 遥测事件: fd 655→786(疑似泄漏)
[2] 3624ms glm-53-flash | act#2 tap(926,88)[设置] → +[58.15MB,一滑一个,图文详情滑动方式,字体大小] -[一键登录,关闭,其他登录方式,头条]
[3] 5988ms glm-53-flash | act#3 scroll_down → +[个人信息收集清单,关于头条,开启,截屏自动分享] -[58.15MB,一滑一个,图文详情滑动方式,字体大小]
      📋 glm-53-flash给出2步计划
[4] 8566ms glm-53-flash | act#4 scroll_up → +[58.15MB,一滑一个,图文详情滑动方式,字体大小] -[个人信息收集清单,关于头条,开启,截屏自动分享]
[5] ·计划 glm-53-flash | act#5 find(广告设置) → probe✓(30字)
      🧭 goto P1: 1段熟路,零模型调用
[6] ·熟路 | act#6 tap(80,326)[隐私设置] → 树✓P1[互动/关系/其他隐私]
[8] 3503ms glm-53-flash | act#8 tap(150,922)[广告设置] → +[77fee1303e73422eab,为什么我会看到此广告,今日头条广告,我们平台上的广告主，会选择投放个性化] -[个人信息,个人信息收集设置,个性化推荐设置,互动]
      ✔ 验收词实测命中: [个性化广告]
      🔁 #21 done预检: 事实注入,模型终态自查一次(再发done即定局)
[10] 7924ms glm-53-flash | done: 当前页为'为什么我会看到此广告'广告设置WebView页,含'广告设置'标题及'投放个性化广告'契约词,验收词[个性化广告]已实测命中,任务达成。
      ✔ 复核(glm-53-flash): achieved=true 最终画面含'广告设置'页及程序化广告等元素,契约词命中
      📔 复盘(glm-53-flash): 经验 7条 → lessons.jsonl
      🧭 交互网已重算 → ./tasks/今日头条遍历/tree.json
========================================================
局55结束 | 步数10 执行6 空击0 动态屏0 ban0 | 调用10次 tokens39286 ctx均5053B | done=true achieved=true
记录: ./tasks/今日头条遍历/runs/20260831-213215-71708-4/log.jsonl
