══ benchmark 第1/3轮 ══
(载入交互网: 54页/209边)
任务[今日头条遍历] 局40 | 这是真机原生App今日头条(新闻资讯类,流氓软件样本)。目标:深度遍历它的全部主要功能页面,产出完整页面清单。规则:①各类弹窗(协议/权限/加桌面组件/广告/升级)按'同意进入、拒绝授权、关闭×'处理;全程不登录账号——凡进入登录页只记'需登录'后立即用关闭或返回退出,绝不反复重试同一入口;②底部五标签(首页/视频/赚钱/商城/我的)逐一进入并探索子功能;③首页顶部频道标签(推荐/热榜/小说/发现/视频等)逐个切换,每个到达一次即可,不深刷信息流;④'视频'页看顶部子标签;'赚钱'页看主要入口(不点提现/领取);'商城'页看主要分区;⑤'我的'页:进设置,逐项查看设置子页(如隐私中心/个人信息收集/通知设置/清除缓存),以及其他无需登录可见的子页;⑥从首页搜索框进搜索页看一眼即可返回(不输入);⑦feed里视频自动播放导致画面常动是正常现象,系统已按扣除背景判断动作效果,继续遍历即可,确认是视频页可在note记下;⑧每到新页面在note更新'已访问清单',到不了的记'跳过:原因';⑨三类区域都覆盖后,先回到'我的'或设置页再done,让最终画面与覆盖清单对应。
屏1080x2340 图672x1456 | 通道els 等安静上限3000ms 计划上限4 | 经验10条+通用0条 | 应用18个
========================================================
      🗺 [探索沙盘] 已覆盖 1/54 页 | 当前P0[北京/热榜/小说/发现] | 本页未探索: [登录赚钱,豆包 AI,听一听开关,首页,赚钱] | 建议最近未访: goto P4[遇到问题/输入手机号](1跳) 熟路: 点[北京]→P0[北京/热榜/小说/发]×10 ; 点[发现]→P0[北京/热榜/小说/发]×23 ; 点[小说]→P0[北京/热榜/小说/发]×18 ; 点[推荐]→P0[北京/热榜/小说/发]×3 ; 点[未登录]→P4[遇到问题/输入手机号]×6
      🔤 UI树为空,OCR文字备胎(39条)
[1] 10001ms glm-53-flash | act#1 tap(207,145)[热榜] → pixel(56%)
      📋 glm-53-flash给出3步计划
[2] 14632ms glm-53-flash | act#2 tap(470,145)[小说] → pixel(34%)
[3] ·计划 glm-53-flash | act#3 tap(615,145)[发现] → +[推荐,畅听] -[7×24小时,伊击落美军无人机,国常会：全力搜救,实时快讯]
      🔤 UI树为空,OCR文字备胎(44条)
[4] ·计划 glm-53-flash | act#4 tap(740,145)[视频] → pixel(54%)
      🔤 UI树为空,OCR文字备胎(22条)
[5] 32294ms glm-53-flash | act#5 tap(545,145)[体育] → pixel(53%)
[6] 16584ms glm-53-flash | act#6 tap(560,145)[短剧] → pixel(58%)
      🗺 [探索沙盘] 已覆盖 2/54 页 | 当前P6[财经/军事/短剧/国际] | 本页未探索: [继续看,登录赚钱,豆包 AI,体育,推荐,听一听开关,首页,商城] | 建议最近未访: goto P10[影视/懂车帝/小视频](1跳) 熟路: 点[军事]→P6[财经/军事/短剧/国]×7 ; 点[国际]→P10[影视/懂车帝/小视频]×6 ; 点[热点]→P10[影视/懂车帝/小视频]×3 ; 点[财经]→P6[财经/军事/短剧/国]×5
      (glm-53-flash 失败: 空响应(http 000))
[7] 22063ms glm-vision | act#7 tap(525,150)[财经] → +[1457次播放,2小时前,5227次播放,【投融资动态】中科密位A轮融资，融资] -[4402万热度,4509万热度,4601万热度,5650万热度]
      🗺 [探索沙盘] 已覆盖 2/54 页 | 当前P6[财经/军事/短剧/国际] | 本页未探索: [登录赚钱,豆包 AI,体育,推荐,听一听开关,首页,商城,未登录] | 建议最近未访: goto P10[影视/懂车帝/小视频](1跳) 熟路: 点[军事]→P6[财经/军事/短剧/国]×7 ; 点[国际]→P10[影视/懂车帝/小视频]×6 ; 点[热点]→P10[影视/懂车帝/小视频]×3 ; 点[财经]→P6[财经/军事/短剧/国]×5
      📋 glm-53-flash给出2步计划
[8] 24061ms glm-53-flash | act#8 tap(551,145)[军事] → -[1457次播放,2小时前,5227次播放,【投融资动态】中科密位A轮融资，融资]
[9] ·计划 glm-53-flash | act#9 tap(681,145)[国际] ⛔ rejected(同点连点3次:换个目标,或用back/scroll_down离开当前位置)
      🗺 [探索沙盘] 已覆盖 2/54 页 | 当前P6[财经/军事/短剧/国际] | 本页未探索: [登录赚钱,豆包 AI,推荐,听一听开关,首页,商城,未登录] | 建议最近未访: goto P10[影视/懂车帝/小视频](1跳) 熟路: 点[军事]→P6[财经/军事/短剧/国]×7 ; 点[国际]→P10[影视/懂车帝/小视频]×6 ; 点[热点]→P10[影视/懂车帝/小视频]×3 ; 点[财经]→P6[财经/军事/短剧/国]×5
[10] 19109ms glm-53-flash | act#10 tap(549,145)[国际] ⛔ rejected(同点连点3次:换个目标,或用back/scroll_down离开当前位置)
      🗺 [探索沙盘] 已覆盖 2/54 页 | 当前P6[财经/军事/短剧/国际] | 本页未探索: [登录赚钱,豆包 AI,推荐,听一听开关,首页,商城,未登录] | 建议最近未访: goto P10[影视/懂车帝/小视频](1跳) 熟路: 点[军事]→P6[财经/军事/短剧/国]×7 ; 点[国际]→P10[影视/懂车帝/小视频]×6 ; 点[热点]→P10[影视/懂车帝/小视频]×3 ; 点[财经]→P6[财经/军事/短剧/国]×5
[11] 10494ms glm-53-flash | act#11 tap(549,145)[国际] ⛔ rejected(同点连点3次:换个目标,或用back/scroll_down离开当前位置)
      🗺 [探索沙盘] 已覆盖 2/54 页 | 当前P6[财经/军事/短剧/国际] | 本页未探索: [登录赚钱,豆包 AI,推荐,听一听开关,首页,商城,未登录] | 建议最近未访: goto P10[影视/懂车帝/小视频](1跳) 熟路: 点[军事]→P6[财经/军事/短剧/国]×7 ; 点[国际]→P10[影视/懂车帝/小视频]×6 ; 点[热点]→P10[影视/懂车帝/小视频]×3 ; 点[财经]→P6[财经/军事/短剧/国]×5
[12] 7624ms glm-53-flash | act#12 tap(550,145)[国际] ⛔ rejected(同点连点3次:换个目标,或用back/scroll_down离开当前位置)
      🗺 [探索沙盘] 已覆盖 2/54 页 | 当前P6[财经/军事/短剧/国际] | 本页未探索: [登录赚钱,豆包 AI,推荐,听一听开关,首页,商城,未登录] | 建议最近未访: goto P10[影视/懂车帝/小视频](1跳) 熟路: 点[军事]→P6[财经/军事/短剧/国]×7 ; 点[国际]→P10[影视/懂车帝/小视频]×6 ; 点[热点]→P10[影视/懂车帝/小视频]×3 ; 点[财经]→P6[财经/军事/短剧/国]×5
[13] 8091ms glm-53-flash | act#13 tap(549,145)[国际] ⛔ rejected(同点连点3次:换个目标,或用back/scroll_down离开当前位置)
      🗺 [探索沙盘] 已覆盖 2/54 页 | 当前P6[财经/军事/短剧/国际] | 本页未探索: [登录赚钱,豆包 AI,推荐,听一听开关,首页,商城,未登录] | 建议最近未访: goto P10[影视/懂车帝/小视频](1跳) 熟路: 点[军事]→P6[财经/军事/短剧/国]×7 ; 点[国际]→P10[影视/懂车帝/小视频]×6 ; 点[热点]→P10[影视/懂车帝/小视频]×3 ; 点[财经]→P6[财经/军事/短剧/国]×5
[14] 4673ms glm-53-flash | act#14 tap(549,145)[国际] ⛔ rejected(同点连点3次:换个目标,或用back/scroll_down离开当前位置)
      ⏱ 终止: watchdog (调用11次)
      ✔ 复核(glm-53-flash): achieved=false 最终画面停留在首页feed，最近差异全是同点连点被驳回，无遍历视频/赚钱/商城/我的及设置的证据，覆盖清单未见。
      📔 复盘(glm-53-flash): 经验 9条 → lessons.jsonl
      🧭 交互网已重算 → ./tasks/今日头条遍历/tree.json
========================================================
局40结束 | 步数14 执行8 空击0 动态屏0 ban0 | 调用13次 tokens58763 ctx均6819B | done=false achieved=false
记录: ./tasks/今日头条遍历/runs/20260831-072218/log.jsonl
══ benchmark 第2/3轮 ══
(载入交互网: 56页/213边)
任务[今日头条遍历] 局41 | 这是真机原生App今日头条(新闻资讯类,流氓软件样本)。目标:深度遍历它的全部主要功能页面,产出完整页面清单。规则:①各类弹窗(协议/权限/加桌面组件/广告/升级)按'同意进入、拒绝授权、关闭×'处理;全程不登录账号——凡进入登录页只记'需登录'后立即用关闭或返回退出,绝不反复重试同一入口;②底部五标签(首页/视频/赚钱/商城/我的)逐一进入并探索子功能;③首页顶部频道标签(推荐/热榜/小说/发现/视频等)逐个切换,每个到达一次即可,不深刷信息流;④'视频'页看顶部子标签;'赚钱'页看主要入口(不点提现/领取);'商城'页看主要分区;⑤'我的'页:进设置,逐项查看设置子页(如隐私中心/个人信息收集/通知设置/清除缓存),以及其他无需登录可见的子页;⑥从首页搜索框进搜索页看一眼即可返回(不输入);⑦feed里视频自动播放导致画面常动是正常现象,系统已按扣除背景判断动作效果,继续遍历即可,确认是视频页可在note记下;⑧每到新页面在note更新'已访问清单',到不了的记'跳过:原因';⑨三类区域都覆盖后,先回到'我的'或设置页再done,让最终画面与覆盖清单对应。
屏1080x2340 图672x1456 | 通道els 等安静上限3000ms 计划上限4 | 经验10条+通用0条 | 应用18个
========================================================
      🗺 [探索沙盘] 已覆盖 1/56 页 | 当前P0[北京/热榜/小说/发现] | 本页未探索: [登录赚钱,豆包 AI,听一听开关,首页,赚钱] | 建议最近未访: goto P4[+86/输入手机号/](1跳) 熟路: 点[北京]→P0[北京/热榜/小说/发]×10 ; 点[发现]→P0[北京/热榜/小说/发]×24 ; 点[小说]→P0[北京/热榜/小说/发]×18 ; 点[推荐]→P0[北京/热榜/小说/发]×3 ; 点[未登录]→P4[+86/输入手机号/]×6
[1] 7606ms glm-53-flash | act#1 tap(500,92)[搜索框] → +[760元一粒的片仔癀卖不动了,AI,人民币新规9月1日起正式实施,养肝护肝吃啥菜] -[#抖音2026热门歌单 #2026抖,402,69,static icon]
      🗺 [探索沙盘] 已覆盖 2/56 页 | 当前P7[反馈, 按钮/删除搜索历] | 本页未探索: [搜索,AI,语音搜索]
[2] 5337ms glm-53-flash | act#2 back → none
      🗺 [探索沙盘] 已覆盖 2/56 页 | 当前P7[反馈, 按钮/删除搜索历] | 本页未探索: [搜索,AI,语音搜索]
[3] 6310ms glm-53-flash | act#3 back → +[#抖音2026热门歌单 #2026抖,402,69,static icon] -[760元一粒的片仔癀卖不动了,AI,人民币新规9月1日起正式实施,养肝护肝吃啥菜]
      🗺 [探索沙盘] 已覆盖 2/56 页 | 当前P0[北京/热榜/小说/发现] | 本页未探索: [登录赚钱,豆包 AI,听一听开关,首页,赚钱] | 建议最近未访: goto P4[+86/输入手机号/](1跳) 熟路: 点[北京]→P0[北京/热榜/小说/发]×10 ; 点[发现]→P0[北京/热榜/小说/发]×24 ; 点[小说]→P0[北京/热榜/小说/发]×18 ; 点[推荐]→P0[北京/热榜/小说/发]×3 ; 点[未登录]→P4[+86/输入手机号/]×6
      🔤 UI树为空,OCR文字备胎(44条)
[4] 9621ms glm-53-flash | act#4 tap(740,145)[视频] → pixel(58%)
      🗺 [探索沙盘] 已覆盖 3/56 页 | 当前P40[>/Ss/¥）/豆包 A] | 本页未探索: [7:27 0,So,登录赚钱,豆包 AI,视频,神话！,1.6万,亡国]
[5] 9447ms glm-53-flash | act#5 tap(202,145)[小说] → pixel(56%)
      🗺 [探索沙盘] 已覆盖 3/56 页 | 当前P0[北京/热榜/小说/发现] | 本页未探索: [神豪打脸,都市逆袭,退伍军人逆袭,登录赚钱,豆包 AI,听一听开关,首页,赚钱] | 建议最近未访: goto P4[+86/输入手机号/](1跳) 熟路: 点[北京]→P0[北京/热榜/小说/发]×10 ; 点[发现]→P0[北京/热榜/小说/发]×24 ; 点[小说]→P0[北京/热榜/小说/发]×18 ; 点[推荐]→P0[北京/热榜/小说/发]×3 ; 点[未登录]→P4[+86/输入手机号/]×6
[6] 9405ms glm-53-flash | act#6 tap(596,145)[发现] → pixel(17%,元素树未更新)
      🗺 [探索沙盘] 已覆盖 3/56 页 | 当前P0[北京/热榜/小说/发现] | 本页未探索: [神豪打脸,都市逆袭,退伍军人逆袭,登录赚钱,豆包 AI,听一听开关,首页,赚钱] | 建议最近未访: goto P4[+86/输入手机号/](1跳) 熟路: 点[北京]→P0[北京/热榜/小说/发]×10 ; 点[发现]→P0[北京/热榜/小说/发]×24 ; 点[小说]→P0[北京/热榜/小说/发]×18 ; 点[推荐]→P0[北京/热榜/小说/发]×3 ; 点[未登录]→P4[+86/输入手机号/]×6
      🔤 UI树为空,OCR文字备胎(50条)
[7] 8241ms glm-53-flash | act#7 tap(740,145)[体育] → pixel(51%)
      🗺 [探索沙盘] 已覆盖 4/56 页 | 当前P2[国家补贴/直播/赚钱/首] | 本页未探索: [7:27 0,登录赚钱,豆包 AI,推荐,体育,畅听 短剧财,视频,中超] | 建议最近未访: goto P4[+86/输入手机号/](1跳) 熟路: 点[国家补贴]→P2[国家补贴/直播/赚钱]×9 ; 点[未登录]→P4[+86/输入手机号/]×28 ; 点[直播]→P2[国家补贴/直播/赚钱]×6
      📋 glm-53-flash给出2步计划
[8] 8980ms glm-53-flash | act#8 tap(558,145)[畅听] → pixel(59%)
[9] ·计划 glm-53-flash | act#9 tap(660,145)[短剧] → -[4402万热度,4601万热度]
      🗺 [探索沙盘] 已覆盖 5/56 页 | 当前P6[财经/军事/短剧/国际] | 本页未探索: [继续看,登录赚钱,豆包 AI,体育,推荐,听一听开关,首页,商城] | 建议最近未访: goto P10[影视/懂车帝/小视频](1跳) 熟路: 点[军事]→P6[财经/军事/短剧/国]×8 ; 点[国际]→P10[影视/懂车帝/小视频]×6 ; 点[热点]→P10[影视/懂车帝/小视频]×3 ; 点[财经]→P6[财经/军事/短剧/国]×6
      🧭 goto P10: 1段熟路,零模型调用
[10] ·熟路 | act#10 tap(523,211)[国际] → 树✓P10[影视/懂车帝/小视频]
      🗺 [探索沙盘] 已覆盖 6/56 页 | 当前P10[影视/懂车帝/小视频/热] | 本页未探索: [登录赚钱,豆包 AI,短剧,财经,推荐,听一听开关,首页,赚钱] | 建议最近未访: goto P4[+86/输入手机号/](2跳) 熟路: 点[军事]→P0[北京/热榜/小说/发]×3 ; 点[小视频]→P10[影视/懂车帝/小视频]×8 ; 点[懂车帝]→P10[影视/懂车帝/小视频]×4
[12] 11380ms glm-53-flash | act#12 tap(545,145)[热点] → +[2.7万次播放,2026年8月31 号，黄金最新价格,22万次播放,不感兴趣] -[12小时前,257,2小时前,6]
      🗺 [探索沙盘] 已覆盖 6/56 页 | 当前P10[影视/懂车帝/小视频/热] | 本页未探索: [登录赚钱,豆包 AI,财经,推荐,听一听开关,首页,赚钱,未登录] | 建议最近未访: goto P4[+86/输入手机号/](2跳) 熟路: 点[军事]→P0[北京/热榜/小说/发]×3 ; 点[小视频]→P10[影视/懂车帝/小视频]×8 ; 点[懂车帝]→P10[影视/懂车帝/小视频]×4
      📋 glm-53-flash给出3步计划
[13] 9858ms glm-53-flash | act#13 tap(573,145)[小视频] → +[影视] -[2.7万次播放,2026年8月31 号，黄金最新价格,22万次播放,不感兴趣]
[14] ·计划 glm-53-flash | act#14 tap(733,145)[懂车帝] ⛔ rejected(同点连点3次:换个目标,或用back/scroll_down离开当前位置)
      ⏸ 剩余1步计划作废
      🗺 [探索沙盘] 已覆盖 6/56 页 | 当前P10[影视/懂车帝/小视频/热] | 本页未探索: [登录赚钱,豆包 AI,推荐,听一听开关,首页,赚钱,未登录] | 建议最近未访: goto P4[+86/输入手机号/](2跳) 熟路: 点[军事]→P0[北京/热榜/小说/发]×3 ; 点[小视频]→P10[影视/懂车帝/小视频]×8 ; 点[懂车帝]→P10[影视/懂车帝/小视频]×4
[15] 8618ms glm-53-flash | act#15 tap(915,958)[视频] → +[关注,发布,找短剧,搜索] -[#笑死人不偿命 #看一遍笑一遍  #,124万次播放,26万次播放,6408赞]
      🗺 [探索沙盘] 已覆盖 7/56 页 | 当前P5[发布/找短剧/精选/关注] | 本页未探索: [登录赚钱,搜索,发布,首页,视频,商城,未登录] | 建议最近未访: goto P12[加关注/评论/头像/](1跳) 熟路: 点[关注]→P5[发布/找短剧/精选/]×10 ; 点[精选]→P12[加关注/评论/头像/]×6
[16] 7311ms glm-53-flash | act#16 tap(839,141)[icon:登录赚钱悬] → +[+86,关闭,其他登录方式,已阅读并同意“用户协议”和“账号信息] -[static icon,关注,发布,商城]
      🗺 [探索沙盘] 已覆盖 8/56 页 | 当前P4[+86/输入手机号/其他] | 本页未探索: [+86,输入手机号,获取验证码,其他登录方式,遇到问题] | 建议最近未访: goto P1[一滑一个/字体大小/](1跳) 熟路: 点[设置]→P1[一滑一个/字体大小/]×28
[17] 5477ms glm-53-flash | act#17 tap(55,425)[关闭] → +[#真实生活分享计划#创作者中心  #,31,@端庄溪水gL,static icon] -[+86,关闭,其他登录方式,已阅读并同意“用户协议”和“账号信息]
      🗺 [探索沙盘] 已覆盖 9/56 页 | 当前P12[加关注/评论/头像/分享] | 本页未探索: [登录赚钱,暂停,搜索,精选,发布,首页,视频,赚钱] | 建议最近未访: goto P1[一滑一个/字体大小/](2跳) 熟路: 点[推荐]→P5[发布/找短剧/精选/]×4 ; 点[未登录]→P4[+86/输入手机号/]×3
[18] 9160ms glm-53-flash | act#18 tap(498,958)[赚钱] → +[0.08元,0.12元,0.1元,0.2元] -[#真实生活分享计划#创作者中心  #,31,@端庄溪水gL,static icon]
      🗺 [探索沙盘] 已覆盖 10/56 页 | 当前P9[0.2元/0.1元/最高] | 本页未探索: [最高0.8元,0.2元,暴涨中,0.12元,0.08元,0.1元,立即领取,去阅读] | 建议最近未访: goto P1[一滑一个/字体大小/](3跳) 熟路: 点[商城]→P2[国家补贴/直播/赚钱]×6
[19] 8360ms glm-53-flash | act#19 tap(884,89)[关闭本页] ⛔ rejected(点名'关闭本页'不在screen清单;附近元素: 暴涨中(900,408)、0.12元(870,425)、0.08元(746,425))
      🗺 [探索沙盘] 已覆盖 10/56 页 | 当前P9[0.2元/0.1元/最高] | 本页未探索: [最高0.8元,0.2元,暴涨中,0.12元,0.08元,0.1元,立即领取,去阅读] | 建议最近未访: goto P1[一滑一个/字体大小/](3跳) 熟路: 点[商城]→P2[国家补贴/直播/赚钱]×6
[20] 9586ms glm-53-flash | act#20 back → none
      🗺 [探索沙盘] 已覆盖 10/56 页 | 当前P9[0.2元/0.1元/最高] | 本页未探索: [最高0.8元,0.2元,暴涨中,0.12元,0.08元,0.1元,立即领取,去阅读] | 建议最近未访: goto P1[一滑一个/字体大小/](3跳) 熟路: 点[商城]→P2[国家补贴/直播/赚钱]×6
      🔤 UI树为空,OCR文字备胎(52条)
[21] 8666ms glm-53-flash | act#21 tap(697,958)[商城] → pixel(76%)
      🗺 [探索沙盘] 已覆盖 10/56 页 | 当前P2[国家补贴/直播/赚钱/首] | 本页未探索: [7:30,搜索,购物车,10.3元,E,我的订单,签到领钱,券与红包] | 建议最近未访: goto P1[一滑一个/字体大小/](2跳) 熟路: 点[国家补贴]→P2[国家补贴/直播/赚钱]×9 ; 点[未登录]→P4[+86/输入手机号/]×28 ; 点[直播]→P2[国家补贴/直播/赚钱]×6
[22] 23556ms glm-53-flash | act#22 tap(629,88)[国家补贴] → pixel(69%)
      🗺 [探索沙盘] 已覆盖 10/56 页 | 当前P2[国家补贴/直播/赚钱/首] | 本页未探索: [去登录,视频] | 建议最近未访: goto P1[一滑一个/字体大小/](2跳) 熟路: 点[国家补贴]→P2[国家补贴/直播/赚钱]×9 ; 点[未登录]→P4[+86/输入手机号/]×28 ; 点[直播]→P2[国家补贴/直播/赚钱]×6
[23] 4252ms glm-53-flash | act#23 tap(897,958)[未登录] → +[+86,关闭,其他登录方式,已阅读并同意 用户协议 和 账号信息] -[去登录,商城,国家补贴,未登录]
      🗺 [探索沙盘] 已覆盖 10/56 页 | 当前P4[+86/输入手机号/其他] | 本页未探索: [+86,输入手机号,获取验证码,其他登录方式,遇到问题] | 建议最近未访: goto P1[一滑一个/字体大小/](1跳) 熟路: 点[设置]→P1[一滑一个/字体大小/]×28
[24] 5132ms glm-53-flash | act#24 tap(926,88)[设置] ⛔ rejected(空白背景:σ0.0亮度255≈背景248;清单附近元素: 设置(926,88)、登录后，头条更懂你内(498,188)、输入手机号(539,298))
      🗺 [探索沙盘] 已覆盖 10/56 页 | 当前P4[+86/输入手机号/其他] | 本页未探索: [+86,输入手机号,获取验证码,其他登录方式,遇到问题] | 建议最近未访: goto P1[一滑一个/字体大小/](1跳) 熟路: 点[设置]→P1[一滑一个/字体大小/]×28
      🧭 goto P1: 1段熟路,零模型调用
[25] ·熟路 | act#25 tap(623,128)[设置] → 树✓P1[一滑一个/字体大小/]
      🗺 [探索沙盘] 已覆盖 11/56 页 | 当前P1[一滑一个/字体大小/扫一] | 本页未探索: [返回,设置,扫一扫,已关闭,标准,一滑一个,开启,清除缓存] | 建议最近未访: goto P25[视频自动播放/视频播](1跳) 熟路: 点[播放与网络设置]→P25[视频自动播放/视频播]×8 ; 点[深色模式]→P29[手动选择/浅色模式/]×3 ; 点[长辈模式]→P37[长辈模式/返回]×3 ; 点[隐私设置]→P3[其他隐私设置/互动/]×26 ; 返回→P4[+86/输入手机号/]×10
[27] 9916ms glm-53-flash | act#27 tap(118,222)[隐私设置] → +[个人信息,个人信息收集设置,个性化推荐设置,互动] -[59.23MB,一滑一个,图文详情滑动方式,字体大小]
      🗺 [探索沙盘] 已覆盖 12/56 页 | 当前P3[其他隐私设置/互动/隐私] | 本页未探索: [个人信息,推荐内容,互动,关系,其他隐私设置,返回,隐私中心] | 建议最近未访: goto P14[历史记录/相册/日历](1跳) 熟路: 点[个人信息收集设置]→P14[历史记录/相册/日历]×12 ; 点[个性化推荐设置]→P16[内容丰富度/低/设置]×13 ; 点[隐私建议]→P31[· 使用记录/开始/]×4 ; 返回→P1[一滑一个/字体大小/]×18
[28] 5214ms glm-53-flash | act#28 tap(239,423)[个人信息收集设置] → +[允许"今日头条",关闭后，将不再收集你的GPS等精确位,历史记录,去开启] -[个人信息,个性化推荐设置,互动,信息管理指引]
      🗺 [探索沙盘] 已覆盖 13/56 页 | 当前P14[历史记录/相册/日历信息] | 本页未探索: [返回,历史记录,无痕搜索,无痕阅读,相册] | 建议最近未访: goto P16[内容丰富度/低/设置](2跳) 熟路: 返回→P3[其他隐私设置/互动/]×12
      🧭 goto P16: 2段熟路,零模型调用
[29] ·熟路 | act#29 back → 树✓P3[其他隐私设置/互动/]
[30] ·熟路 | act#30 tap(148,839)[个性化推荐设置] → 树✓P16[内容丰富度/低/设置]
      🗺 [探索沙盘] 已覆盖 14/56 页 | 当前P16[内容丰富度/低/设置推荐] | 本页未探索: [个性化推荐,设置推荐偏好,内容丰富度,低,返回] | 建议最近未访: goto P31[· 使用记录/开始/](2跳) 熟路: 返回→P3[其他隐私设置/互动/]×12
      📋 glm-53-flash给出2步计划
[32] 8426ms glm-53-flash | act#32 back → +[个人信息,个人信息收集设置,互动,信息管理指引] -[个性化推荐,低,允许我们使用你的位置信息向你推荐相关,允许我们使用历史搜索记录向你推荐相关]
[33] ·计划 glm-53-flash | act#33 back → +[59.23MB,一滑一个,图文详情滑动方式,字体大小] -[个人信息,个人信息收集设置,个性化推荐设置,互动]
      🗺 [探索沙盘] 已覆盖 14/56 页 | 当前P1[一滑一个/字体大小/扫一] | 本页未探索: [返回,设置,扫一扫,已关闭,标准,一滑一个,开启,清除缓存] | 建议最近未访: goto P25[视频自动播放/视频播](1跳) 熟路: 点[播放与网络设置]→P25[视频自动播放/视频播]×8 ; 点[深色模式]→P29[手动选择/浅色模式/]×3 ; 点[长辈模式]→P37[长辈模式/返回]×3 ; 点[隐私设置]→P3[其他隐私设置/互动/]×26 ; 返回→P4[+86/输入手机号/]×10
[34] 6473ms glm-53-flash | act#34 tap(118,662)[清除缓存] → +[0.0B,1.9GB,2.4GB,536.3MB] -[59.23MB,一滑一个,图文详情滑动方式,字体大小]
      📋 glm-53-flash给出2步计划
[35] 6352ms glm-53-flash | act#35 back → +[59.30MB,一滑一个,图文详情滑动方式,字体大小] -[0.0B,1.9GB,2.4GB,536.3MB]
[36] ·计划 glm-53-flash | act#36 scroll_down → +[个人信息收集清单,关于头条,开启,截屏自动分享] -[59.30MB,一滑一个,图文详情滑动方式,字体大小]
      🗺 [探索沙盘] 已覆盖 15/56 页 | 当前P20[截屏自动分享/用户反馈/] | 本页未探索: [返回,设置,推送通知设置,安全浏览设置,提示音开关,开启,截屏自动分享,检查版本]
[37] 4700ms glm-53-flash | act#37 tap(477,129)[推送通知设置] → +[点击开启，不错过热点内容] -[个人信息收集清单,关于头条,安全浏览设置,开启]
[38] 43859ms glm-53-flash | act#38 back → +[个人信息收集清单,关于头条,安全浏览设置,开启] -[点击开启，不错过热点内容]
      🗺 [探索沙盘] 已覆盖 15/56 页 | 当前P20[截屏自动分享/用户反馈/] | 本页未探索: [返回,设置,推送通知设置,安全浏览设置,提示音开关,开启,截屏自动分享,检查版本]
[39] 8025ms glm-53-flash | act#39 tap(200,187)[安全浏览设置] ⛔ rejected(空白背景:σ0.0亮度255≈背景248;清单附近元素: 提示音开关(138,246)、点击返回键获取新资讯(240,305)、截屏自动分享(158,377))
      🗺 [探索沙盘] 已覆盖 15/56 页 | 当前P20[截屏自动分享/用户反馈/] | 本页未探索: [返回,设置,推送通知设置,安全浏览设置,提示音开关,开启,截屏自动分享,检查版本]
[40] 8763ms glm-53-flash | act#40 tap(200,187)[安全浏览设置] ⛔ rejected(空白背景:σ0.0亮度255≈背景248;清单附近元素: 提示音开关(138,246)、点击返回键获取新资讯(240,305)、截屏自动分享(158,377))
      🗺 [探索沙盘] 已覆盖 15/56 页 | 当前P20[截屏自动分享/用户反馈/] | 本页未探索: [返回,设置,推送通知设置,安全浏览设置,提示音开关,开启,截屏自动分享,检查版本]
[41] 11967ms glm-53-flash | act#41 tap(300,187)[安全浏览设置] ⛔ rejected(空白背景:σ0.0亮度255≈背景248;清单附近元素: 安全浏览设置(477,187)、点击返回键获取新资讯(240,305)、提示音开关(138,246))
      🗺 [探索沙盘] 已覆盖 15/56 页 | 当前P20[截屏自动分享/用户反馈/] | 本页未探索: [返回,设置,推送通知设置,安全浏览设置,提示音开关,开启,截屏自动分享,检查版本]
[42] 7004ms glm-53-flash | act#42 tap(477,187)[安全浏览设置] ⛔ rejected(空白背景:σ0.0亮度255≈背景248;清单附近元素: 安全浏览设置(477,187)、推送通知设置(477,129)、设置(498,87))
      🗺 [探索沙盘] 已覆盖 15/56 页 | 当前P20[截屏自动分享/用户反馈/] | 本页未探索: [返回,设置,推送通知设置,安全浏览设置,提示音开关,开启,截屏自动分享,检查版本]
[43] 6995ms glm-53-flash | act#43 tap(477,187)[安全浏览设置] ⛔ rejected(空白背景:σ0.0亮度255≈背景248;清单附近元素: 安全浏览设置(477,187)、推送通知设置(477,129)、设置(498,87))
      🗺 [探索沙盘] 已覆盖 15/56 页 | 当前P20[截屏自动分享/用户反馈/] | 本页未探索: [返回,设置,推送通知设置,安全浏览设置,提示音开关,开启,截屏自动分享,检查版本]
[44] 10509ms glm-53-flash | act#44 tap(477,187)[安全浏览设置] ⛔ rejected(空白背景:σ0.0亮度255≈背景248;清单附近元素: 安全浏览设置(477,187)、推送通知设置(477,129)、设置(498,87))
      ⏱ 终止: watchdog (调用36次)
      ✔ 复核(glm-53-flash): achieved=false 便签未见已访问清单，差异仅记录空白点被驳回，无五标签/频道/搜索等遍历证据，覆盖无法印证
      📔 复盘(glm-53-flash): 经验 8条 → lessons.jsonl
      🧭 交互网已重算 → ./tasks/今日头条遍历/tree.json
========================================================
局41结束 | 步数44 执行32 空击2 动态屏2 ban0 | 调用38次 tokens183370 ctx均7123B | done=false achieved=false
记录: ./tasks/今日头条遍历/runs/20260831-072631/log.jsonl
══ benchmark 第3/3轮 ══
(载入交互网: 57页/224边)
任务[今日头条遍历] 局42 | 这是真机原生App今日头条(新闻资讯类,流氓软件样本)。目标:深度遍历它的全部主要功能页面,产出完整页面清单。规则:①各类弹窗(协议/权限/加桌面组件/广告/升级)按'同意进入、拒绝授权、关闭×'处理;全程不登录账号——凡进入登录页只记'需登录'后立即用关闭或返回退出,绝不反复重试同一入口;②底部五标签(首页/视频/赚钱/商城/我的)逐一进入并探索子功能;③首页顶部频道标签(推荐/热榜/小说/发现/视频等)逐个切换,每个到达一次即可,不深刷信息流;④'视频'页看顶部子标签;'赚钱'页看主要入口(不点提现/领取);'商城'页看主要分区;⑤'我的'页:进设置,逐项查看设置子页(如隐私中心/个人信息收集/通知设置/清除缓存),以及其他无需登录可见的子页;⑥从首页搜索框进搜索页看一眼即可返回(不输入);⑦feed里视频自动播放导致画面常动是正常现象,系统已按扣除背景判断动作效果,继续遍历即可,确认是视频页可在note记下;⑧每到新页面在note更新'已访问清单',到不了的记'跳过:原因';⑨三类区域都覆盖后,先回到'我的'或设置页再done,让最终画面与覆盖清单对应。
屏1080x2340 图672x1456 | 通道els 等安静上限3000ms 计划上限4 | 经验10条+通用0条 | 应用18个
========================================================
      🗺 [探索沙盘] 已覆盖 1/57 页 | 当前P0[北京/热榜/小说/发现] | 本页未探索: [登录赚钱,豆包 AI,听一听开关,首页,赚钱] | 建议最近未访: goto P4[获取验证码/+86/](1跳) 熟路: 点[北京]→P0[北京/热榜/小说/发]×10 ; 点[发现]→P0[北京/热榜/小说/发]×25 ; 点[推荐]→P0[北京/热榜/小说/发]×3 ; 点[未登录]→P4[获取验证码/+86/]×6
      🔤 UI树为空,OCR文字备胎(42条)
[1] 5771ms glm-53-flash | act#1 tap(210,145)[热榜] → none
      🗺 [探索沙盘] 已覆盖 2/57 页 | 当前P56[=/¥/Ss/豆包 AI] | 本页未探索: [7:35,Ss,登录赚钱,豆包 AI,发现,推荐,热榜,视频]
      📋 glm-53-flash给出3步计划
[2] 7348ms glm-53-flash | act#2 tap(335,145)[北京] → none
      ⏸ 动作无变化,剩余2步计划作废
      🗺 [探索沙盘] 已覆盖 2/57 页 | 当前P0[北京/热榜/小说/发现] | 本页未探索: [登录赚钱,豆包 AI,听一听开关,首页,赚钱] | 建议最近未访: goto P4[获取验证码/+86/](1跳) 熟路: 点[北京]→P0[北京/热榜/小说/发]×10 ; 点[发现]→P0[北京/热榜/小说/发]×25 ; 点[推荐]→P0[北京/热榜/小说/发]×3 ; 点[未登录]→P4[获取验证码/+86/]×6
[3] 11837ms glm-53-flash | act#3 tap(473,145)[小说] → +[乡医打脸暴富,体育,战神复仇,推荐]
      🗺 [探索沙盘] 已覆盖 2/57 页 | 当前P0[北京/热榜/小说/发现] | 本页未探索: [乡医打脸暴富,战神复仇,赌石透视,登录赚钱,豆包 AI,听一听开关,首页,赚钱] | 建议最近未访: goto P4[获取验证码/+86/](1跳) 熟路: 点[北京]→P0[北京/热榜/小说/发]×10 ; 点[发现]→P0[北京/热榜/小说/发]×25 ; 点[推荐]→P0[北京/热榜/小说/发]×3 ; 点[未登录]→P4[获取验证码/+86/]×6
[4] 9341ms glm-53-flash | act#4 tap(552,145)[发现] → +[畅听] -[乡医打脸暴富,战神复仇,推荐,赌石透视]
      🗺 [探索沙盘] 已覆盖 2/57 页 | 当前P0[北京/热榜/小说/发现] | 本页未探索: [登录赚钱,豆包 AI,听一听开关,首页,赚钱] | 建议最近未访: goto P4[获取验证码/+86/](1跳) 熟路: 点[北京]→P0[北京/热榜/小说/发]×10 ; 点[发现]→P0[北京/热榜/小说/发]×25 ; 点[推荐]→P0[北京/热榜/小说/发]×3 ; 点[未登录]→P4[获取验证码/+86/]×6
[5] 6747ms glm-53-flash | act#5 tap(552,145)[视频] → +[1.6万,1小时前,223,56分钟前] -[热榜]
      🗺 [探索沙盘] 已覆盖 2/57 页 | 当前P0[北京/热榜/小说/发现] | 本页未探索: [登录赚钱,豆包 AI,短剧,听一听开关,首页,赚钱] | 建议最近未访: goto P4[获取验证码/+86/](1跳) 熟路: 点[北京]→P0[北京/热榜/小说/发]×10 ; 点[发现]→P0[北京/热榜/小说/发]×25 ; 点[推荐]→P0[北京/热榜/小说/发]×3 ; 点[未登录]→P4[获取验证码/+86/]×6
      📋 glm-53-flash给出2步计划
[6] 7173ms glm-53-flash | act#6 tap(550,145)[体育] ⛔ rejected(同点连点3次:换个目标,或用back/scroll_down离开当前位置)
      ⏸ 剩余1步计划作废
      🗺 [探索沙盘] 已覆盖 2/57 页 | 当前P0[北京/热榜/小说/发现] | 本页未探索: [登录赚钱,豆包 AI,短剧,听一听开关,首页,赚钱] | 建议最近未访: goto P4[获取验证码/+86/](1跳) 熟路: 点[北京]→P0[北京/热榜/小说/发]×10 ; 点[发现]→P0[北京/热榜/小说/发]×25 ; 点[推荐]→P0[北京/热榜/小说/发]×3 ; 点[未登录]→P4[获取验证码/+86/]×6
      🔤 UI树为空,OCR文字备胎(35条)
[7] 11331ms glm-53-flash | act#7 tap(777,145)[短剧] → pixel(59%)>bg(4%)
      📋 glm-53-flash给出2步计划
[8] 11123ms glm-53-flash | act#8 tap(407,145)[财经] → pixel(60%)
[9] ·计划 glm-53-flash | act#9 tap(465,145)[军事] → +[135,15小时前,22条惠军服务措施施行！,22条惠军服务措施施行！世界闽南人头] -[1457次播放,5227次播放,【投融资动态】中科密位A轮融资，融资,【投融资动态】中科密位A轮融资，融资]
      🗺 [探索沙盘] 已覆盖 3/57 页 | 当前P6[财经/短剧/军事/国际] | 本页未探索: [登录赚钱,豆包 AI,推荐,听一听开关,首页,商城,未登录] | 建议最近未访: goto P9[影视/懂车帝/小视频](1跳) 熟路: 点[军事]→P6[财经/短剧/军事/国]×8 ; 点[国际]→P9[影视/懂车帝/小视频]×7 ; 点[热点]→P9[影视/懂车帝/小视频]×3 ; 点[财经]→P6[财经/短剧/军事/国]×6
      📋 glm-53-flash给出2步计划
[10] 4787ms glm-53-flash | act#10 tap(549,145)[国际] → +[12小时前,257,2小时前,6] -[135,15小时前,22条惠军服务措施施行！,22条惠军服务措施施行！世界闽南人头]
[11] ·计划 glm-53-flash | act#11 tap(681,145)[热点] ⛔ rejected(同点连点3次:换个目标,或用back/scroll_down离开当前位置)
      🗺 [探索沙盘] 已覆盖 4/57 页 | 当前P9[影视/懂车帝/小视频/热] | 本页未探索: [登录赚钱,豆包 AI,短剧,财经,推荐,听一听开关,首页,赚钱] | 建议最近未访: goto P5[发布/找短剧/精选/](1跳) 熟路: 点[军事]→P0[北京/热榜/小说/发]×3 ; 点[小视频]→P9[影视/懂车帝/小视频]×9 ; 点[懂车帝]→P9[影视/懂车帝/小视频]×4 ; 点[视频]→P5[发布/找短剧/精选/]×3
[12] 7633ms glm-53-flash | act#12 tap(703,145)[热点] ⛔ rejected(同点连点3次:换个目标,或用back/scroll_down离开当前位置)
      🗺 [探索沙盘] 已覆盖 4/57 页 | 当前P9[影视/懂车帝/小视频/热] | 本页未探索: [登录赚钱,豆包 AI,短剧,财经,推荐,听一听开关,首页,赚钱] | 建议最近未访: goto P5[发布/找短剧/精选/](1跳) 熟路: 点[军事]→P0[北京/热榜/小说/发]×3 ; 点[小视频]→P9[影视/懂车帝/小视频]×9 ; 点[懂车帝]→P9[影视/懂车帝/小视频]×4 ; 点[视频]→P5[发布/找短剧/精选/]×3
[13] 6584ms glm-53-flash | act#13 tap(549,145)[热点] ⛔ rejected(同点连点3次:换个目标,或用back/scroll_down离开当前位置)
      🗺 [探索沙盘] 已覆盖 4/57 页 | 当前P9[影视/懂车帝/小视频/热] | 本页未探索: [登录赚钱,豆包 AI,短剧,财经,推荐,听一听开关,首页,赚钱] | 建议最近未访: goto P5[发布/找短剧/精选/](1跳) 熟路: 点[军事]→P0[北京/热榜/小说/发]×3 ; 点[小视频]→P9[影视/懂车帝/小视频]×9 ; 点[懂车帝]→P9[影视/懂车帝/小视频]×4 ; 点[视频]→P5[发布/找短剧/精选/]×3
[14] 10537ms glm-53-flash | act#14 tap(550,145)[热点] ⛔ rejected(同点连点3次:换个目标,或用back/scroll_down离开当前位置)
      🗺 [探索沙盘] 已覆盖 4/57 页 | 当前P9[影视/懂车帝/小视频/热] | 本页未探索: [登录赚钱,豆包 AI,短剧,财经,推荐,听一听开关,首页,赚钱] | 建议最近未访: goto P5[发布/找短剧/精选/](1跳) 熟路: 点[军事]→P0[北京/热榜/小说/发]×3 ; 点[小视频]→P9[影视/懂车帝/小视频]×9 ; 点[懂车帝]→P9[影视/懂车帝/小视频]×4 ; 点[视频]→P5[发布/找短剧/精选/]×3
[15] 7906ms glm-53-flash | act#15 tap(550,145)[热点] ⛔ rejected(同点连点3次:换个目标,或用back/scroll_down离开当前位置)
      🗺 [探索沙盘] 已覆盖 4/57 页 | 当前P9[影视/懂车帝/小视频/热] | 本页未探索: [登录赚钱,豆包 AI,短剧,财经,推荐,听一听开关,首页,赚钱] | 建议最近未访: goto P5[发布/找短剧/精选/](1跳) 熟路: 点[军事]→P0[北京/热榜/小说/发]×3 ; 点[小视频]→P9[影视/懂车帝/小视频]×9 ; 点[懂车帝]→P9[影视/懂车帝/小视频]×4 ; 点[视频]→P5[发布/找短剧/精选/]×3
[16] 17452ms glm-53-flash | act#16 tap(550,145)[热点] ⛔ rejected(同点连点3次:换个目标,或用back/scroll_down离开当前位置)
      ⏱ 终止: watchdog (调用14次)
      ✔ 复核(glm-53-flash): achieved=false 最终画面停留在首页信息流，最近6次点击均被驳回，未见覆盖清单，也未回到'我的'/设置页，任务未达成
      📔 复盘(glm-53-flash): 经验 9条 → lessons.jsonl
      🧭 交互网已重算 → ./tasks/今日头条遍历/tree.json
========================================================
局42结束 | 步数16 执行9 空击2 动态屏1 ban0 | 调用16次 tokens73371 ctx均6849B | done=false achieved=false
记录: ./tasks/今日头条遍历/runs/20260831-073527/log.jsonl
[
  {
    "achieved": false,
    "calls": 13,
    "exit": 1,
    "round": 1,
    "run_id": "20260831-072218",
    "steps": 14,
    "stop": "watchdog",
    "tokens": 58763,
    "wall_s": 243
  },
  {
    "achieved": false,
    "calls": 38,
    "exit": 1,
    "round": 2,
    "run_id": "20260831-072631",
    "steps": 44,
    "stop": "watchdog",
    "tokens": 183370,
    "wall_s": 527
  },
  {
    "achieved": false,
    "calls": 16,
    "exit": 1,
    "round": 3,
    "run_id": "20260831-073527",
    "steps": 16,
    "stop": "watchdog",
    "tokens": 73371,
    "wall_s": 210
  }
]
