══ benchmark 第1/2轮 ══
任务[抖音遍历] 局1 | 这是真机原生App抖音(短视频类,流氓软件样本)。目标:深度遍历它的全部主要功能页面,产出完整页面清单。规则:①各类弹窗(用户协议/权限/青少年模式/个性化推荐/通讯录/红包/升级)按'同意进入、拒绝授权、关闭×'处理;全程不登录账号——凡进入登录页只记'需登录'后立即用关闭或返回退出,绝不反复重试同一入口;②底部标签(首页/朋友/消息/我)逐一进入并探索子功能;中间'+'拍摄按钮只进入看一眼立即返回,不拍摄不发布;③首页顶部频道标签(如关注/商城/推荐/直播)逐个切换,每个到达一次即可,不深刷视频流;④'我'页:进设置,逐项查看设置子页(如隐私设置/通用设置/个人信息收集清单/清除缓存/关于抖音),以及其他无需登录可见的子页;⑤从搜索入口进搜索页看一眼即可返回(不输入);⑥不点直播间的打赏/充值,不点提现/领取;⑦视频自动播放导致画面常动是正常现象,系统已按扣除背景判断动作效果,继续遍历即可,确认是视频页可在note记下;⑧每到新页面在note更新'已访问清单',到不了的记'跳过:原因';⑨主要区域覆盖后,先回到'我'或设置页再done,让最终画面与覆盖清单对应。
屏1080x2340 图672x1456 | 通道els 等安静上限3000ms 计划上限4 | 经验0条+通用0条 | 应用19个
========================================================
      📋 glm-53-flash给出2步计划
[1] 11981ms glm-53-flash | act#1 tap(146,87)[直播] → +[不同意,个人信息保护指引,同意,欢迎使用抖音！我们将通过《用户服务协] -[侧边栏,关注,关注，按钮,同城]
[2] ·计划 glm-53-flash | act#2 tap(225,87)[精选] ⛔ rejected(点名'精选'不在screen清单;附近元素: 个人信息保护指引(498,308)、欢迎使用抖音！我们将(498,485)、不同意(497,660))
      🔤 UI树为空,OCR文字备胎(9条)
[3] 12936ms glm-53-flash | act#3 tap(498,713)[同意] → none
      📋 glm-53-flash给出3步计划
[4] 14685ms glm-53-flash | act#4 tap(228,87)[精选] → none
      ⏸ 动作无变化,剩余2步计划作废
      📋 glm-53-flash给出2步计划
[5] 11916ms glm-53-flash | act#5 tap(615,87)[同城] → +[商城,商城，按钮,已选中，同城，按钮,经验，按钮] -[同城，按钮,已选中，经验，按钮,热点,热点，按钮]
[6] ·计划 glm-53-flash | act#6 tap(732,87)[关注] → +[你还没有登录,同城，按钮,已选中，关注，按钮,推荐] -[关注，按钮,已选中，同城，按钮,返回推荐页]
      📋 glm-53-flash给出2步计划
[7] 13155ms glm-53-flash | act#7 tap(691,87)[商城] → +[关注，按钮,已选中，商城，按钮] -[你还没有登录,商城，按钮,已选中，关注，按钮,登录]
      🔤 UI树为空,OCR文字备胎(14条)
[8] ·计划 glm-53-flash | act#8 tap(807,87)[推荐] → none
[9] 21879ms glm-53-flash | act#9 tap(222,128)[精选] → none
[10] 9499ms glm-53-flash | act#10 tap(926,87)[搜索] → +[三毛,扫一扫,语音搜索,返回] -[侧边栏,关注,关注，按钮,同城]
      (glm-53-flash 失败: 空响应(http 000))
[11] 11710ms glm-vision | act#11 back → +[10，穿成想成为的样子，，热度858,11，中式早餐包罗万味，，热度844,1，杨瀚森绝杀，新，热度1208.6,2，西藏泥石流已致16死546失联，] -[语音搜索]
      🔤 UI树为空,OCR文字备胎(21条)
[12] 22692ms glm-53-flash | act#12 back → none
      🔤 UI树为空,OCR文字备胎(20条)
[13] 9390ms glm-53-flash | act#13 tap(500,935)[icon:+ 拍摄按] → none
[14] 19704ms glm-53-flash | act#14 tap(500,935)[icon:+ 拍摄按] → pixel(100%)>bg(1%)
[15] 11986ms glm-53-flash | act#15 tap(70,87)[icon:关闭×] → +[1.4万,@杜克环游世界,三毛撒哈拉的故事,侧边栏] -[+86,关闭，按钮,其他方式登录,密码登录]
      🔤 UI树为空,OCR文字备胎(24条)
[16] 8531ms glm-53-flash | act#16 tap(297,940)[朋友] → none
[17] 8673ms glm-53-flash | act#17 tap(71,87)[icon:关闭×] → none
      🔤 UI树为空,OCR文字备胎(24条)
[18] 20286ms glm-53-flash | act#18 tap(698,941)[消息] → none
[19] 8363ms glm-53-flash | act#19 tap(70,87)[icon:关闭×] → none
      ⚖ 仲裁(glm-53-flash): changed=true 登录页关闭，返回抖音视频播放页
      🔤 UI树为空,OCR文字备胎(19条)
[20] 11747ms glm-53-flash | act#20 tap(898,940)[我] → none
[21] 19579ms glm-53-flash | act#21 tap(894,944)[我] ⛔ rejected(点名'我'不在screen清单;附近元素: )
      ⏱ 终止: watchdog (调用19次)
      ✔ 复核(glm-53-flash): achieved=false 最终画面仍为首页feed，'我'tab未进入(rejected)，设置页未遍历，规则⑨未满足
      📔 复盘(glm-53-flash): 经验 6条 → lessons.jsonl
      🧭 交互网已重算 → ./tasks/抖音遍历/tree.json
========================================================
局1结束 | 步数21 执行19 空击11 动态屏8 ban0 | 调用21次 tokens78273 ctx均3415B | done=false achieved=false
记录: ./tasks/抖音遍历/runs/20260831-085642/log.jsonl
══ benchmark 第2/2轮 ══
(载入交互网: 4页/5边)
任务[抖音遍历] 局2 | 这是真机原生App抖音(短视频类,流氓软件样本)。目标:深度遍历它的全部主要功能页面,产出完整页面清单。规则:①各类弹窗(用户协议/权限/青少年模式/个性化推荐/通讯录/红包/升级)按'同意进入、拒绝授权、关闭×'处理;全程不登录账号——凡进入登录页只记'需登录'后立即用关闭或返回退出,绝不反复重试同一入口;②底部标签(首页/朋友/消息/我)逐一进入并探索子功能;中间'+'拍摄按钮只进入看一眼立即返回,不拍摄不发布;③首页顶部频道标签(如关注/商城/推荐/直播)逐个切换,每个到达一次即可,不深刷视频流;④'我'页:进设置,逐项查看设置子页(如隐私设置/通用设置/个人信息收集清单/清除缓存/关于抖音),以及其他无需登录可见的子页;⑤从搜索入口进搜索页看一眼即可返回(不输入);⑥不点直播间的打赏/充值,不点提现/领取;⑦视频自动播放导致画面常动是正常现象,系统已按扣除背景判断动作效果,继续遍历即可,确认是视频页可在note记下;⑧每到新页面在note更新'已访问清单',到不了的记'跳过:原因';⑨主要区域覆盖后,先回到'我'或设置页再done,让最终画面与覆盖清单对应。
屏1080x2340 图672x1456 | 通道els 等安静上限3000ms 计划上限4 | 经验6条+通用0条 | 应用19个
========================================================
      🗺 [探索沙盘] 已覆盖 1/4 页 | 当前P1[关注，按钮/精选，按钮/] | 本页未探索: [直播，按钮,直播,精选，按钮,精选,经验，按钮,经验,同城，按钮,同城]
[1] 13571ms glm-53-flash | act#1 tap(457,87)[直播，按钮] → +[播放视频，按钮]
      🗺 [探索沙盘] 已覆盖 1/4 页 | 当前P1[关注，按钮/精选，按钮/] | 本页未探索: [直播，按钮,直播,精选，按钮,精选,经验，按钮,经验,同城，按钮,同城]
      (glm-53-flash 失败: 空响应(http 000))
      (glm-vision 失败: 空响应(http 000))
      (empero 失败: 无content: {"error":{"code":"maintenance","message":"We are switching the free endpoint to )
[2] 16947ms glm-53-flash | act#2 tap(225,87)[精选，按钮] → +[热点,热点，按钮,返回推荐页] -[#艺术在抖音 #青年创作者成长计划 ,2.4万,@谢创意,关注]
      🗺 [探索沙盘] 已覆盖 2/4 页 | 当前P3[搜索] | 本页未探索: [热点，按钮,热点,直播，按钮,直播,经验，按钮,经验,同城，按钮,关注，按钮]
      📋 glm-53-flash给出3步计划
[3] 22793ms glm-53-flash | act#3 tap(648,87)[同城，按钮] → +[商城,商城，按钮,已选中，同城，按钮,精选] -[同城，按钮,热点,热点，按钮]
[4] ·计划 glm-53-flash | act#4 tap(757,87)[关注，按钮] → +[你还没有登录,同城，按钮,已选中，关注，按钮,推荐] -[关注，按钮,已选中，同城，按钮,返回推荐页]
[5] ·计划 glm-53-flash | act#5 tap(417,943)[朋友] → +[+86,其他方式登录,密码登录,已阅读并同意 用户协议 和 隐私政策] -[你还没有登录,侧边栏,关注,同城]
[6] 9086ms glm-53-flash | act#6 tap(70,87)[icon:close] → +[你还没有登录,侧边栏,关注,同城] -[+86,其他方式登录,密码登录,已阅读并同意 用户协议 和 隐私政策]
      🗺 [探索沙盘] 已覆盖 2/4 页 | 当前P3[搜索] | 本页未探索: [直播，按钮,直播,精选，按钮,精选,经验，按钮,经验,同城，按钮,关注]
      📋 glm-53-flash给出3步计划
[7] 14206ms glm-53-flash | act#7 tap(341,87)[经验，按钮] → +[关注，按钮,已选中，经验，按钮,热点,热点，按钮] -[你还没有登录,商城,商城，按钮,已选中，关注，按钮]
[8] ·计划 glm-53-flash | act#8 tap(691,87)[商城，按钮] ⛔ rejected(点名'商城，按钮'不在screen清单;附近元素: 关注，按钮(730,87)、关注(732,87)、同城，按钮(615,87))
      ⏸ 剩余1步计划作废
      🗺 [探索沙盘] 已覆盖 2/4 页 | 当前P3[搜索] | 本页未探索: [热点，按钮,热点,直播，按钮,直播,精选，按钮,精选,经验,同城，按钮]
[9] 11568ms glm-53-flash | act#9 tap(498,941)[拍摄，按钮] → +[+86,其他方式登录,密码登录,已阅读并同意 用户协议 和 隐私政策] -[1.1万,2969,8019,Frou.]
[10] 16377ms glm-53-flash | act#10 tap(70,87)[icon:close] → +[1.1万,2969,8019,Frou.] -[+86,其他方式登录,密码登录,已阅读并同意 用户协议 和 隐私政策]
      🗺 [探索沙盘] 已覆盖 2/4 页 | 当前P3[搜索] | 本页未探索: [热点，按钮,热点,直播，按钮,直播,精选，按钮,精选,经验,同城，按钮]
[11] 13464ms glm-53-flash | act#11 tap(698,941)[消息] → +[+86,其他方式登录,密码登录,已阅读并同意 用户协议 和 隐私政策] -[1.1万,2969,8019,Frou.]
[12] 14467ms glm-53-flash | act#12 tap(70,87)[icon:close] → +[1.1万,2969,8019,Frou.] -[+86,其他方式登录,密码登录,已阅读并同意 用户协议 和 隐私政策]
      🗺 [探索沙盘] 已覆盖 2/4 页 | 当前P3[搜索] | 本页未探索: [热点，按钮,热点,直播，按钮,直播,精选，按钮,精选,经验,同城，按钮]
[13] 10915ms glm-53-flash | act#13 tap(898,941)[我] → +[+86,其他方式登录,密码登录,已阅读并同意 用户协议 和 隐私政策] -[1.1万,2969,8019,Frou.]
[14] 4855ms glm-53-flash | act#14 tap(70,87)[icon:close] → +[1.1万,2969,8019,Frou.] -[+86,其他方式登录,密码登录,已阅读并同意 用户协议 和 隐私政策]
      🗺 [探索沙盘] 已覆盖 2/4 页 | 当前P3[搜索] | 本页未探索: [热点，按钮,热点,直播，按钮,直播,精选，按钮,精选,经验,同城，按钮]
      (glm-53-flash 失败: 空响应(http 000))
[15] 23576ms glm-vision | act#15 tap(265,83)[热点，按钮] → +[已选中，热点，按钮,经验，按钮] -[1.1万,2969,8019,Frou.]
      🗺 [探索沙盘] 已覆盖 2/4 页 | 当前P3[搜索] | 本页未探索: [热点,直播，按钮,直播,精选，按钮,精选,经验，按钮,经验,同城，按钮]
[16] 9832ms glm-53-flash | act#16 tap(55,87)[icon:侧边栏菜单] → +[@央视新闻,个人房贷最长延至40年！房地产信贷新,优惠券,关闭，按钮] -[关注,关注，按钮,同城,同城，按钮]
      📋 glm-53-flash给出2步计划
[17] 21559ms glm-53-flash | act#17 tap(166,320)[观看历史] → +[+86,其他方式登录,密码登录,已阅读并同意 用户协议 和 隐私政策] -[@央视新闻,个人房贷最长延至40年！房地产信贷新,优惠券,侧边栏]
[18] ·计划 glm-53-flash | act#18 back → none
[19] 11402ms glm-53-flash | act#19 tap(70,87)[icon:close] → +[@央视新闻,个人房贷最长延至40年！房地产信贷新,优惠券,侧边栏] -[+86,其他方式登录,密码登录,已阅读并同意 用户协议 和 隐私政策]
      (glm-53-flash 失败: 空响应(http 000))
[20] 14031ms glm-vision | act#20 tap(166,230)[我的钱包] → +[+86,其他方式登录,密码登录,已阅读并同意 用户协议 和 隐私政策] -[@央视新闻,个人房贷最长延至40年！房地产信贷新,优惠券,侧边栏]
[21] 15717ms glm-53-flash | act#21 tap(70,87)[icon:close] → +[@央视新闻,个人房贷最长延至40年！房地产信贷新,优惠券,侧边栏] -[+86,其他方式登录,密码登录,已阅读并同意 用户协议 和 隐私政策]
[22] 14204ms glm-53-flash | act#22 tap(469,90)[设置] → +[+86,其他方式登录,密码登录,已阅读并同意 用户协议 和 隐私政策] -[@央视新闻,个人房贷最长延至40年！房地产信贷新,优惠券,侧边栏]
[23] 8413ms glm-53-flash | act#23 tap(70,87)[icon:close] → +[@央视新闻,个人房贷最长延至40年！房地产信贷新,优惠券,侧边栏] -[+86,其他方式登录,密码登录,已阅读并同意 用户协议 和 隐私政策]
[24] 10493ms glm-53-flash | act#24 tap(469,90)[设置] → +[+86,其他方式登录,密码登录,已阅读并同意 用户协议 和 隐私政策] -[@央视新闻,个人房贷最长延至40年！房地产信贷新,优惠券,侧边栏]
[25] 9159ms glm-53-flash | act#25 tap(70,87)[icon:close] → +[@央视新闻,个人房贷最长延至40年！房地产信贷新,优惠券,侧边栏] -[+86,其他方式登录,密码登录,已阅读并同意 用户协议 和 隐私政策]
[26] 14922ms glm-53-flash | act#26 tap(630,310)[离线模式] → +[+86,其他方式登录,密码登录,已阅读并同意 用户协议 和 隐私政策] -[@央视新闻,个人房贷最长延至40年！房地产信贷新,优惠券,侧边栏]
      📋 glm-53-flash给出2步计划
[27] 9923ms glm-53-flash | act#27 tap(70,87)[icon:close] → +[@央视新闻,个人房贷最长延至40年！房地产信贷新,优惠券,侧边栏] -[+86,其他方式登录,密码登录,已阅读并同意 用户协议 和 隐私政策]
[28] ·计划 glm-53-flash | act#28 tap(60,410)[icon:扫一扫] → none
[29] 17306ms glm-53-flash | act#29 tap(398,229)[优惠券] → +[+86,其他方式登录,密码登录,已阅读并同意 用户协议 和 隐私政策] -[@央视新闻,个人房贷最长延至40年！房地产信贷新,优惠券,侧边栏]
[30] 27233ms glm-53-flash | act#30 tap(70,87)[icon:close] → +[@央视新闻,个人房贷最长延至40年！房地产信贷新,优惠券,侧边栏] -[+86,其他方式登录,密码登录,已阅读并同意 用户协议 和 隐私政策]
[31] 12233ms glm-53-flash | act#31 tap(630,230)[小程序] → +[+86,其他方式登录,密码登录,已阅读并同意 用户协议 和 隐私政策] -[@央视新闻,个人房贷最长延至40年！房地产信贷新,优惠券,侧边栏]
[32] 12501ms glm-53-flash | act#32 tap(70,87)[icon:close] → +[@央视新闻,个人房贷最长延至40年！房地产信贷新,优惠券,侧边栏] -[+86,其他方式登录,密码登录,已阅读并同意 用户协议 和 隐私政策]
[33] 11193ms glm-53-flash | act#33 tap(630,320)[稍后再看] → +[+86,其他方式登录,密码登录,已阅读并同意 用户协议 和 隐私政策] -[@央视新闻,个人房贷最长延至40年！房地产信贷新,优惠券,侧边栏]
[34] 8026ms glm-53-flash | act#34 tap(70,87)[icon:close] → +[@央视新闻,个人房贷最长延至40年！房地产信贷新,优惠券,侧边栏] -[+86,其他方式登录,密码登录,已阅读并同意 用户协议 和 隐私政策]
[35] 10688ms glm-53-flash | act#35 tap(165,477)[直播广场] → none
[36] 11638ms glm-53-flash | act#36 tap(398,478)[玩游戏] → +[2万本场点赞,752,‎* * 叶：赌,‎* 冰雾爆米花：其实是三星泪滴] -[@央视新闻,个人房贷最长延至40年！房地产信贷新,优惠券,侧边栏]
[37] 27684ms glm-53-flash | act#37 tap(908,92)[icon:close] → +[+86,其他方式登录,密码登录,已阅读并同意 用户协议 和 隐私政策] -[2万本场点赞,752,‎* * 叶：赌,‎* 冰雾爆米花：其实是三星泪滴]
      (glm-53-flash 失败: 空响应(http 000))
      🔤 UI树为空,OCR文字备胎(7条)
[38] 20176ms glm-vision | act#38 tap(908,92)[icon:close] → pixel(72%)
[39] 14899ms glm-53-flash | act#39 tap(939,93)[icon:close] ⛔ rejected(同一目标同点连点3次:换个目标,或用back/scroll_down离开当前位置)
      🔤 UI树为空,OCR文字备胎(32条)
      🔤 UI树为空,OCR文字备胎(50条)
[40] 14103ms glm-53-flash | act#40 back → pixel(29%)
[41] 12631ms glm-53-flash | act#41 tap(939,92)[icon:close] → none
      🗺 [探索沙盘] 已覆盖 2/4 页 | 当前P3[搜索] | 本页未探索: [热点,直播，按钮,直播,精选，按钮,精选,经验，按钮,经验,同城，按钮]
[42] 22877ms glm-53-flash | act#42 tap(898,941)[我] → +[+86,其他方式登录,密码登录,已阅读并同意 用户协议 和 隐私政策] -[43,@央视新闻,· 3天前,个人房贷最长延至40年！房地产信贷新]
[43] 13171ms glm-53-flash | act#43 tap(70,87)[icon:close] → +[43,@央视新闻,· 3天前,个人房贷最长延至40年！房地产信贷新] -[+86,其他方式登录,密码登录,已阅读并同意 用户协议 和 隐私政策]
      🗺 [探索沙盘] 已覆盖 2/4 页 | 当前P3[搜索] | 本页未探索: [热点,直播，按钮,直播,精选，按钮,精选,经验，按钮,经验,同城，按钮]
[44] 14079ms glm-53-flash | done: 主要区域已覆盖:首页feed+全部频道标签(关注/精选/直播/同城/热点/经验/商城)、搜索页、'+'拍摄页、朋友/消息(需登录已退出)、我页入口及设置/钱包/观看历史/离线模式/优惠券/小程序/稍后再看/玩游戏/直播间等子页(需登录项已记录跳过)。未登录能到达的页面均已遍历,最终画面为首页feed,覆盖清单与note一致。
      ✔ 复核(glm-53-flash): achieved=false 规则⑨要求终局画面回到'我'或设置页，但最终画面为首页feed且出现登录弹窗重试记录，覆盖清单无画面印证
      📔 复盘(glm-53-flash): 经验 6条 → lessons.jsonl
      🧭 交互网已重算 → ./tasks/抖音遍历/tree.json
========================================================
局2结束 | 步数44 执行41 空击4 动态屏1 ban0 | 调用41次 tokens186925 ctx均5316B | done=true achieved=false
记录: ./tasks/抖音遍历/runs/20260831-090400/log.jsonl
[
  {
    "achieved": false,
    "calls": 21,
    "exit": 1,
    "round": 1,
    "run_id": "20260831-085642",
    "steps": 21,
    "stop": "watchdog",
    "tokens": 78273,
    "wall_s": 428
  },
  {
    "achieved": false,
    "calls": 41,
    "exit": 1,
    "round": 2,
    "run_id": "20260831-090400",
    "steps": 44,
    "stop": "done",
    "tokens": 186925,
    "wall_s": 854
  }
]
